### Llibre amb més pàgines
Effective Java - Joshua Bloch - 2019

### Llibres per any
Head First Java (A Brain Friendly Guide) - Kathy Sierra - 2020
Effective Java - Joshua Bloch - 2019
Java: A Detailed Approach to Practical Coding - Nathan Clark - 1998

### Mitjana de pàgines
139.3

### Llibres publicats després del 2018
Head First Java (A Brain Friendly Guide) - Kathy Sierra - 2020
Effective Java - Joshua Bloch - 2019

### Suma de anys per pàgines
841500

### Més de 100 pàgines
Effective Java
Java: A Detailed Approach to Practical Coding
