Contaminació mitjana: 58.40
Dies amb contaminació superior: 2
