@iamdevloper · 07 de gener
Remember, a few hours of trial and error can save you several minutes of looking at the README

@softcatala · 29 de març
Avui mateix, #CommonVoiceCAT segueix creixent 🚀:
🗣️ 856 hores enregistraes
✅ 725 de validades
Si encara no has participat, pots fer-ho aquí!

@musicat · 02 d'abril
Quina cançó t'agrada més?
- (3/11) Comèdia dramàtica - La Fúmiga
- (2/11) In the night - Oques Grasses
- (2/11) Una Lluna a l'Aigua - Txarango
- (4/11) Esbarzers - La Gossa Sorda

@ProgrammerJokes · 05 d'abril
Q: what's the object-oriented way to become weathy?

A: Inheritance
