---------- Paisos ----------
Lorem - casos: 12 - gravetat: 2.5 - puntuació: 30.0
Ipsum - casos: 55 - gravetat: 6.0 - puntuació: 330.0
Dolor - casos: 3 - gravetat: 10.0 - puntuació: 30.0
---------- Resum ----------
Casos totals: 70
País amb més casos: Ipsum
