Feliç 2021 Marta.
Et desitgem que confiïs més en tu mateixa Marta, que busquis, trobis i aconsegueixis tots els teus objectius, que superis tots els teus límits,  que t'envolti l'amor per tot arreu, i que t'adonis d'una punyetera vegada que ets increïble tal com ets  i  que pots aconseguir tot allò que et proposis.

Fins aviat
Martina
