Bon 1992 Felip.
Et desitge que tingues un any preciós i que aconsegueixis tots els teus objectius, que superis tots els teus límits, que t'envolti l'amor per tot arreu, i que t'adonis d'una punyetera vegada que ets increïble tal com ets  i  que pots aconseguir tot allò que et proposis.

Besets Felip
Amaia
