wix~i$nyxkiw$h+yr$nyxnex$qirkir$jixki$h+yr$tirnex
