--- Avistaments ---
Mustela putorius - fura de bosc: 2
Mustela putorius - fura de bosc: 1
Canis lupus - Llop: 1
Testudo hermanni - Tortuga mediterrània: 1
Mustela putorius - fura de bosc: 2
--- Resum ---
Mustela putorius - fura de bosc: 5
Canis lupus - Llop: 1
Testudo hermanni - Tortuga mediterrània: 1
