## Books For Year 1983
volumus cu - Morse - 1983
referrentur similique - Humphrey - 1983
explicari eget - Faulkner - 1983
maiestatis indoctum - Sharpe - 1983
curae suscipiantur - Sawyer - 1983
imperdiet voluptaria - Berger - 1983
tacimates augue - Lee - 1983
bibendum appetere - Kelley - 1983
sea facilisis - Cash - 1983
gubergren imperdiet - Potter - 1983
indoctum vis - Barton - 1983
intellegat faucibus - Mays - 1983
error periculis - Castro - 1983
ius aliquam - Francis - 1983
donec euripidis - Haley - 1983
nisi qui - Swanson - 1983
detraxit tincidunt - Blackburn - 1983
habemus curabitur - Davenport - 1983
luctus voluptaria - Cox - 1983
doctus congue - Neal - 1983
intellegat dignissim - Frye - 1983
ligula aperiri - Page - 1983
torquent lectus - Jacobs - 1983
