------------------------
--- Cims aconseguits ---
------------------------
Tibidabo - Espanya (516m) - Temps: 0:59
Ama Dablam - Nepal (6812m) - Temps: 18:05
Puigmal - Espanya (2913m) - Temps: 3:25
------------------------
N. cims: 3
Cim més alt: Ama Dablam (6812m)
Cim més ràpid: Tibidabo (0:59)
Cim més veloç: Tibidabo 3.17km/hora
------------------------
