Effective Java - Joshua Bloch - 2019
Effective Java - Joshua Bloch - 2019
Not Found
Java: A Detailed Approach to Practical Coding - Nathan Clark - 2019
